root@asif:/home/asif# sudo apt update
root@asif:/home/asif# sudo apt install python3-pip python3-dev nginx
oot@asif:/home/asif# git clone https://github.com/asif96969/Python_Network_automation.git
root@asif:/home/asif/Python_Network_automation# cp -r django_network_automation/ /var/www/
root@asif:/var/www/django_network_automation# apt install python3.12-venv
root@asif:/var/www/django_network_automation# python3 -m venv django_env
(django_env) root@asif:/var/www/django_network_automation# pip3 install paramiko
(django_env) root@asif:/var/www/django_network_automation# pip3 install psutil
(django_env) root@asif:/var/www/django_network_automation# pip3 install django
(django_env) root@asif:/var/www/django_network_automation# pip3 install gunicorn
(django_env) root@asif:/var/www/django_network_automation# python3 manage.py runserver
Watching for file changes with StatReloader
Performing system checks...

System check identified no issues (0 silenced).
October 26, 2024 - 14:28:57
Django version 5.1.2, using settings 'django_network_automation.settings'
Starting development server at http://127.0.0.1:8000/
Quit the server with CONTROL-C.

(django_env) root@asif:/var/www/django_network_automation# gunicorn --bind 127.0.0.1:8000 django_network_automation.wsgi
[2024-10-26 14:31:11 +0000] [3613] [INFO] Starting gunicorn 23.0.0
[2024-10-26 14:31:11 +0000] [3613] [INFO] Listening at: http://127.0.0.1:8000 (3613)
[2024-10-26 14:31:11 +0000] [3613] [INFO] Using worker: sync
[2024-10-26 14:31:11 +0000] [3614] [INFO] Booting worker with pid: 3614

If you need to check if your application is running properly, you can visit that URL in your web browser or use curl from the command line:
curl http://127.0.0.1:8000

root@asif:/home/asif# cd /etc/systemd/system
root@asif:/etc/systemd/system# touch gunicorn.socket
root@asif:/etc/systemd/system# cat gunicorn.socket 
[Unit]
Description=gunicorn socket

[Socket]
ListenStream=/run/gunicorn.sock

[Install]
WantedBy=sockets.target
root@asif:/etc/systemd/system# touch gunicorn.service
root@asif:/etc/systemd/system# cat gunicorn.service 
[Unit]
Description=gunicorn daemon
Requires=gunicorn.socket
After=network.target

[Service]
User=root
Group=www-data
WorkingDirectory=/var/www/django_network_automation
ExecStart=/var/www/django_network_automation/django_env/bin/gunicorn \
	--access-logfile - \
	--workers 3 \
	--bind unix:/run/gunicorn.sock \
	django_network_automation.wsgi:application

[Install]
WantedBy=multi-user.target

root@asif:/etc/systemd/system# systemctl start gunicorn.socket
root@asif:/etc/systemd/system# systemctl enable gunicorn.socket

root@asif:/etc/nginx/sites-available# vim myproject

server {
    listen 80;
    server_name 192.168.19.130;

    location = /favicon.ico { access_log off; log_not_found off; }
    location /static/ {
        root /var/www/django_network_automation;
    }

    location / {
        include proxy_params;
        proxy_pass http://unix:/run/gunicorn.sock;
    }
}


root@asif# ln -s /etc/nginx/sites-available/myproject /etc/nginx/sites-enabled

root@asif:/etc/nginx# systemctl status gunicorn.socket
● gunicorn.socket - gunicorn socket
     Loaded: loaded (/etc/systemd/system/gunicorn.socket; enabled; preset: enabled)
     Active: active (listening) since Sat 2024-10-26 15:07:20 UTC; 3h 29min ago
   Triggers: ● gunicorn.service
     Listen: /run/gunicorn.sock (Stream)
     CGroup: /system.slice/gunicorn.socket

Oct 26 15:07:20 asif systemd[1]: Listening on gunicorn.socket - gunicorn socket.
root@asif:/etc/nginx# file /run/gunicorn.sock 
/run/gunicorn.sock: socket
 
root@asif:/etc/nginx# journalctl -u gunicorn.socket
Oct 26 15:07:20 asif systemd[1]: Listening on gunicorn.socket - gunicorn socket.
root@asif:/etc/nginx# systemctl status gunicorn
○ gunicorn.service - gunicorn daemon
     Loaded: loaded (/etc/systemd/system/gunicorn.service; disabled; preset: enabled)
     Active: inactive (dead)
TriggeredBy: ● gunicorn.socket
root@asif:/etc/nginx# 
root@asif:/etc/nginx# curl --unix-socket /run/gunicorn.sock localhost
html file will be open

for checking gunicorn error
root@asif:/etc/nginx/sites-enabled# sudo journalctl -u gunicorn


